Mono path[0] = 'C:/Users/Administrator/UnityProjects/BorderRepairStation_slice/Builds/TwoNightSlice_N1N2_20261005-n1n2s/TwoNightSlice_Data/Managed'
Mono config path = 'C:/Users/Administrator/UnityProjects/BorderRepairStation_slice/Builds/TwoNightSlice_N1N2_20261005-n1n2s/MonoBleedingEdge/etc'
Input System module state changed to: Initialized.
[Physics::Module] Initialized fallback backend.
[Physics::Module] Id: 0xdecafbad
Initialize engine version: 6000.0.84f1 (78ab6fc243d5)
[Subsystems] Discovering subsystems at path C:/Users/Administrator/UnityProjects/BorderRepairStation_slice/Builds/TwoNightSlice_N1N2_20261005-n1n2s/TwoNightSlice_Data/UnitySubsystems
kGfxThreadingModeSplitJobs is not supported on Direct3D 11. Reverting to kGfxThreadingModeClientWorkerJobs instead.
GfxDevice: creating device client; kGfxThreadingModeClientWorkerJobs
Direct3D:
    Version:  Direct3D 11.0 [level 11.1]
    Renderer: NVIDIA GeForce RTX 3070 (ID=0x2488)
    Vendor:   NVIDIA
    VRAM:     8018 MB
    Driver:   32.0.15.9636
Begin MonoManager ReloadAssembly
- Loaded All Assemblies, in  0.131 seconds
- Finished resetting the current domain, in  0.002 seconds
[Physics::Module] Selected backend.
[Physics::Module] Name: PhysX
[Physics::Module] Id: 0xf2b8ea05
[Physics::Module] SDK Version: 4.1.2
[Physics::Module] Integration Version: 1.0.0
[Physics::Module] Threading Mode: Multi-Threaded
<RI> Initializing input.
Using Windows.Gaming.Input
UnloadTime: 0.519400 ms
Unloading 7 Unused Serialized files (Serialized files now loaded: 0)
UnloadTime: 4.302900 ms
Unloading 14 unused Assets to reduce memory usage. Loaded Objects now: 5605.
Total: 1.401100 ms (FindLiveObjects: 0.213000 ms CreateObjectMapping: 0.132700 ms MarkObjects: 1.037900 ms  DeleteObjects: 0.017300 ms)

[SliceSelfCheck] Player 自检 2026-10-05 02:29:32，Unity 6000.0.84f1，Windows 11  (10.0.26200)，NVIDIA GeForce RTX 3070，1600×900，编辑器内 False
[SliceSelfCheck] 场景：Assets/BorderRepair/FirstOrder/Scenes/Slice/TwoNightSlice.unity（Build 里共 4 个场景）
[SliceSelfCheck] 打包字体：NotoSansSC-Regular，dynamic True，fontNames [Noto Sans SC]
[SliceSelfCheck] 运行设置：runInBackground = False（项目设置，与玩家版本相同）；受控失焦 无；启动时焦点 True
RenderGraph is now enabled.
[SliceSelfCheck] 通过 启动：显示中的文字 21 段、134 个字符；不是打包字体的 0 段；没有字形的字符 0 个；被截掉 / 没显示出来的 0 段
[SliceSelfCheck] 截图（游戏画面，ScreenCapture）：01_start_dock.png
[SliceSelfCheck] 通过 打开手册：显示中的文字 28 段、551 个字符；不是打包字体的 0 段；没有字形的字符 0 个；被截掉 / 没显示出来的 0 段
[SliceSelfCheck] 截图（游戏画面，ScreenCapture）：02_manual_open.png
[SliceSelfCheck] 通过 右引擎镜头下能点到右引擎
[SliceSelfCheck] 通过 观察右引擎：右引擎（正常，作对照）
[SliceSelfCheck] 通过 观察面板：显示中的文字 24 段、189 个字符；不是打包字体的 0 段；没有字形的字符 0 个；被截掉 / 没显示出来的 0 段
[SliceSelfCheck] 截图（游戏画面，ScreenCapture）：03_observe_right_engine.png
[SliceSelfCheck] 通过 左引擎镜头下能点到左上盖
[SliceSelfCheck] 通过 通电悬停时碰左上盖被拒绝：七号还在供电或叶轮还在转。先停靠、夹紧、断电，等涡轮停稳。
[SliceSelfCheck] 截图（游戏画面，ScreenCapture）：04_refuse_while_powered.png
[SliceSelfCheck] 截图（游戏画面，ScreenCapture）：05_order_ok_拒绝_涡轮减速中碰外侧锁扣.png
[SliceSelfCheck] 截图（游戏画面，ScreenCapture）：06_order_ok_拒绝_要拆右引擎（右引擎对照镜头）.png
[SliceSelfCheck] 截图（游戏画面，ScreenCapture）：07_order_ok_4b_清理_点进气口堵塞（断电停转后允许）.png
[SliceSelfCheck] 截图（游戏画面，ScreenCapture）：08_order_ok_翻盖读保养记录_上盖内侧朝上.png
[SliceSelfCheck] 截图（游戏画面，ScreenCapture）：09_order_ok_6_定位故障轴承_点左上轴承.png
[SliceSelfCheck] 截图（游戏画面，ScreenCapture）：10_order_ok_新旧轴承对比_托盘里的旧件___轴承盒上的新件.png
[SliceSelfCheck] 截图（游戏画面，ScreenCapture）：11_order_ok_10_离座_点夹具握把（松开_→_上浮）.png
[SliceSelfCheck] 通过 完整首单（程序点击）：45 步，失败 0，结束步骤 Done，复测 True
[SliceSelfCheck] 通过 流程结束：显示中的文字 24 段、186 个字符；不是打包字体的 0 段；没有字形的字符 0 个；被截掉 / 没显示出来的 0 段
[SliceSelfCheck] 截图（游戏画面，ScreenCapture）：12_order_done.png
[SliceSelfCheck] 结果：全部通过
[Physics::Module] Cleanup current backned.
[Physics::Module] Id: 0xf2b8ea05
Input System module state changed to: ShutdownInProgress.
Input System polling thread exited.
Input System module state changed to: Shutdown.
