Mono path[0] = 'C:/Users/Administrator/UnityProjects/BorderRepairStation_slice/Builds/TwoNightSlice_N1N2_20261005-n1n2s/TwoNightSlice_Data/Managed'
Mono config path = 'C:/Users/Administrator/UnityProjects/BorderRepairStation_slice/Builds/TwoNightSlice_N1N2_20261005-n1n2s/MonoBleedingEdge/etc'
Input System module state changed to: Initialized.
[Physics::Module] Initialized fallback backend.
[Physics::Module] Id: 0xdecafbad
Initialize engine version: 6000.0.84f1 (78ab6fc243d5)
[Subsystems] Discovering subsystems at path C:/Users/Administrator/UnityProjects/BorderRepairStation_slice/Builds/TwoNightSlice_N1N2_20261005-n1n2s/TwoNightSlice_Data/UnitySubsystems
kGfxThreadingModeSplitJobs is not supported on Direct3D 11. Reverting to kGfxThreadingModeClientWorkerJobs instead.
GfxDevice: creating device client; kGfxThreadingModeClientWorkerJobs
Direct3D:
    Version:  Direct3D 11.0 [level 11.1]
    Renderer: NVIDIA GeForce RTX 3070 (ID=0x2488)
    Vendor:   NVIDIA
    VRAM:     8018 MB
    Driver:   32.0.15.9636
Begin MonoManager ReloadAssembly
- Loaded All Assemblies, in  0.137 seconds
- Finished resetting the current domain, in  0.003 seconds
[Physics::Module] Selected backend.
[Physics::Module] Name: PhysX
[Physics::Module] Id: 0xf2b8ea05
[Physics::Module] SDK Version: 4.1.2
[Physics::Module] Integration Version: 1.0.0
[Physics::Module] Threading Mode: Multi-Threaded
<RI> Initializing input.
Using Windows.Gaming.Input
UnloadTime: 0.562400 ms
Unloading 7 Unused Serialized files (Serialized files now loaded: 0)
UnloadTime: 4.393000 ms
Unloading 14 unused Assets to reduce memory usage. Loaded Objects now: 5605.
Total: 1.268100 ms (FindLiveObjects: 0.233900 ms CreateObjectMapping: 0.101400 ms MarkObjects: 0.917500 ms  DeleteObjects: 0.015100 ms)

[SliceSelfCheck] Player 自检 2026-10-05 02:22:59，Unity 6000.0.84f1，Windows 11  (10.0.26200)，NVIDIA GeForce RTX 3070，1600×900，编辑器内 False
[SliceSelfCheck] 场景：Assets/BorderRepair/FirstOrder/Scenes/Slice/TwoNightSlice.unity（Build 里共 4 个场景）
[SliceSelfCheck] 打包字体：NotoSansSC-Regular，dynamic True，fontNames [Noto Sans SC]
[SliceSelfCheck] 运行设置：runInBackground = False（项目设置，与玩家版本相同）；受控失焦 无；启动时焦点 False
RenderGraph is now enabled.
